{
  "pergunta_pt-br": "expectável",
  "uso_da_linguagem": "A Adjetivo aoe",
  "tradução_en": "expected",
  "fonetica": "/ikspektid/"
}